  Determining projects to restore...
  All projects are up-to-date for restore.
C:\AI\Gemini\InvestecRunway App\GordonWorker\Controllers\WhatsAppController.cs(137,99): error CS1503: Argument 3: cannot convert from 'GordonWorker.Services.AppSettings' to 'bool' [C:\AI\Gemini\InvestecRunway App\GordonWorker\GordonWorker.csproj]
C:\AI\Gemini\InvestecRunway App\GordonWorker\Controllers\WhatsAppController.cs(158,95): error CS1503: Argument 3: cannot convert from 'GordonWorker.Services.AppSettings' to 'bool' [C:\AI\Gemini\InvestecRunway App\GordonWorker\GordonWorker.csproj]
C:\AI\Gemini\InvestecRunway App\GordonWorker\Services\TelegramChatService.cs(179,106): error CS1503: Argument 3: cannot convert from 'GordonWorker.Services.AppSettings' to 'bool' [C:\AI\Gemini\InvestecRunway App\GordonWorker\GordonWorker.csproj]

Build FAILED.

C:\AI\Gemini\InvestecRunway App\GordonWorker\Controllers\WhatsAppController.cs(137,99): error CS1503: Argument 3: cannot convert from 'GordonWorker.Services.AppSettings' to 'bool' [C:\AI\Gemini\InvestecRunway App\GordonWorker\GordonWorker.csproj]
C:\AI\Gemini\InvestecRunway App\GordonWorker\Controllers\WhatsAppController.cs(158,95): error CS1503: Argument 3: cannot convert from 'GordonWorker.Services.AppSettings' to 'bool' [C:\AI\Gemini\InvestecRunway App\GordonWorker\GordonWorker.csproj]
C:\AI\Gemini\InvestecRunway App\GordonWorker\Services\TelegramChatService.cs(179,106): error CS1503: Argument 3: cannot convert from 'GordonWorker.Services.AppSettings' to 'bool' [C:\AI\Gemini\InvestecRunway App\GordonWorker\GordonWorker.csproj]
    0 Warning(s)
    3 Error(s)

Time Elapsed 00:00:03.72
