C:\Program Files\dotnet\sdk\10.0.201\Sdks\Microsoft.NET.Sdk\targets\Microsoft.NET.Sdk.targets(850,5): error MSB4018: The "CreateAppHost" task failed unexpectedly. [G:\My Drive\Tech\Coding\AI\Gemini\InvestecRunway App\GordonWorker\GordonWorker.csproj]
C:\Program Files\dotnet\sdk\10.0.201\Sdks\Microsoft.NET.Sdk\targets\Microsoft.NET.Sdk.targets(850,5): error MSB4018: System.AggregateException: One or more errors occurred. (Access to the path 'G:\My Drive\Tech\Coding\AI\Gemini\InvestecRunway App\GordonWorker\obj\Debug\net8.0\apphost.exe' is denied.) (Access to the path 'G:\My Drive\Tech\Coding\AI\Gemini\InvestecRunway App\GordonWorker\obj\Debug\net8.0\apphost.exe' is denied.) [G:\My Drive\Tech\Coding\AI\Gemini\InvestecRunway App\GordonWorker\GordonWorker.csproj]
C:\Program Files\dotnet\sdk\10.0.201\Sdks\Microsoft.NET.Sdk\targets\Microsoft.NET.Sdk.targets(850,5): error MSB4018:  ---> System.UnauthorizedAccessException: Access to the path 'G:\My Drive\Tech\Coding\AI\Gemini\InvestecRunway App\GordonWorker\obj\Debug\net8.0\apphost.exe' is denied. [G:\My Drive\Tech\Coding\AI\Gemini\InvestecRunway App\GordonWorker\GordonWorker.csproj]
C:\Program Files\dotnet\sdk\10.0.201\Sdks\Microsoft.NET.Sdk\targets\Microsoft.NET.Sdk.targets(850,5): error MSB4018:    at System.IO.Strategies.OSFileStreamStrategy..ctor(String path, FileMode mode, FileAccess access, FileShare share, FileOptions options, Int64 preallocationSize, Nullable`1 unixCreateMode) [G:\My Drive\Tech\Coding\AI\Gemini\InvestecRunway App\GordonWorker\GordonWorker.csproj]
C:\Program Files\dotnet\sdk\10.0.201\Sdks\Microsoft.NET.Sdk\targets\Microsoft.NET.Sdk.targets(850,5): error MSB4018:    at Microsoft.NET.HostModel.AppHost.HostWriter.<>c__DisplayClass8_0.<CreateAppHost>b__1() [G:\My Drive\Tech\Coding\AI\Gemini\InvestecRunway App\GordonWorker\GordonWorker.csproj]
C:\Program Files\dotnet\sdk\10.0.201\Sdks\Microsoft.NET.Sdk\targets\Microsoft.NET.Sdk.targets(850,5): error MSB4018:    at Microsoft.NET.HostModel.RetryUtil.RetryOnIOError(Action func) [G:\My Drive\Tech\Coding\AI\Gemini\InvestecRunway App\GordonWorker\GordonWorker.csproj]
C:\Program Files\dotnet\sdk\10.0.201\Sdks\Microsoft.NET.Sdk\targets\Microsoft.NET.Sdk.targets(850,5): error MSB4018:    at Microsoft.NET.HostModel.AppHost.HostWriter.CreateAppHost(String appHostSourceFilePath, String appHostDestinationFilePath, String appBinaryFilePath, Boolean windowsGraphicalUserInterface, String assemblyToCopyResourcesFrom, Boolean enableMacOSCodeSign, Boolean disableCetCompat, DotNetSearchOptions dotNetSearchOptions) [G:\My Drive\Tech\Coding\AI\Gemini\InvestecRunway App\GordonWorker\GordonWorker.csproj]
C:\Program Files\dotnet\sdk\10.0.201\Sdks\Microsoft.NET.Sdk\targets\Microsoft.NET.Sdk.targets(850,5): error MSB4018:    --- End of inner exception stack trace --- [G:\My Drive\Tech\Coding\AI\Gemini\InvestecRunway App\GordonWorker\GordonWorker.csproj]
C:\Program Files\dotnet\sdk\10.0.201\Sdks\Microsoft.NET.Sdk\targets\Microsoft.NET.Sdk.targets(850,5): error MSB4018:    at Microsoft.NET.HostModel.AppHost.HostWriter.CreateAppHost(String appHostSourceFilePath, String appHostDestinationFilePath, String appBinaryFilePath, Boolean windowsGraphicalUserInterface, String assemblyToCopyResourcesFrom, Boolean enableMacOSCodeSign, Boolean disableCetCompat, DotNetSearchOptions dotNetSearchOptions) [G:\My Drive\Tech\Coding\AI\Gemini\InvestecRunway App\GordonWorker\GordonWorker.csproj]
C:\Program Files\dotnet\sdk\10.0.201\Sdks\Microsoft.NET.Sdk\targets\Microsoft.NET.Sdk.targets(850,5): error MSB4018:    at Microsoft.NET.Build.Tasks.CreateAppHost.ExecuteCore() [G:\My Drive\Tech\Coding\AI\Gemini\InvestecRunway App\GordonWorker\GordonWorker.csproj]
C:\Program Files\dotnet\sdk\10.0.201\Sdks\Microsoft.NET.Sdk\targets\Microsoft.NET.Sdk.targets(850,5): error MSB4018:    at Microsoft.NET.Build.Tasks.TaskBase.Execute() [G:\My Drive\Tech\Coding\AI\Gemini\InvestecRunway App\GordonWorker\GordonWorker.csproj]
C:\Program Files\dotnet\sdk\10.0.201\Sdks\Microsoft.NET.Sdk\targets\Microsoft.NET.Sdk.targets(850,5): error MSB4018:    at Microsoft.Build.BackEnd.TaskExecutionHost.Execute() [G:\My Drive\Tech\Coding\AI\Gemini\InvestecRunway App\GordonWorker\GordonWorker.csproj]
C:\Program Files\dotnet\sdk\10.0.201\Sdks\Microsoft.NET.Sdk\targets\Microsoft.NET.Sdk.targets(850,5): error MSB4018:    at Microsoft.Build.BackEnd.TaskBuilder.ExecuteInstantiatedTask(TaskExecutionHost taskExecutionHost, TaskLoggingContext taskLoggingContext, TaskHost taskHost, ItemBucket bucket, TaskExecutionMode howToExecuteTask) [G:\My Drive\Tech\Coding\AI\Gemini\InvestecRunway App\GordonWorker\GordonWorker.csproj]
C:\Program Files\dotnet\sdk\10.0.201\Sdks\Microsoft.NET.Sdk\targets\Microsoft.NET.Sdk.targets(850,5): error MSB4018:  ---> (Inner Exception #1) System.UnauthorizedAccessException: Access to the path 'G:\My Drive\Tech\Coding\AI\Gemini\InvestecRunway App\GordonWorker\obj\Debug\net8.0\apphost.exe' is denied. [G:\My Drive\Tech\Coding\AI\Gemini\InvestecRunway App\GordonWorker\GordonWorker.csproj]
C:\Program Files\dotnet\sdk\10.0.201\Sdks\Microsoft.NET.Sdk\targets\Microsoft.NET.Sdk.targets(850,5): error MSB4018:    at System.IO.File.Delete(String path) [G:\My Drive\Tech\Coding\AI\Gemini\InvestecRunway App\GordonWorker\GordonWorker.csproj]
C:\Program Files\dotnet\sdk\10.0.201\Sdks\Microsoft.NET.Sdk\targets\Microsoft.NET.Sdk.targets(850,5): error MSB4018:    at Microsoft.NET.HostModel.AppHost.HostWriter.CreateAppHost(String appHostSourceFilePath, String appHostDestinationFilePath, String appBinaryFilePath, Boolean windowsGraphicalUserInterface, String assemblyToCopyResourcesFrom, Boolean enableMacOSCodeSign, Boolean disableCetCompat, DotNetSearchOptions dotNetSearchOptions)<--- [G:\My Drive\Tech\Coding\AI\Gemini\InvestecRunway App\GordonWorker\GordonWorker.csproj]
C:\Program Files\dotnet\sdk\10.0.201\Sdks\Microsoft.NET.Sdk\targets\Microsoft.NET.Sdk.targets(850,5): error MSB4018:  [G:\My Drive\Tech\Coding\AI\Gemini\InvestecRunway App\GordonWorker\GordonWorker.csproj]

Build FAILED.

C:\Program Files\dotnet\sdk\10.0.201\Sdks\Microsoft.NET.Sdk\targets\Microsoft.NET.Sdk.targets(850,5): error MSB4018: The "CreateAppHost" task failed unexpectedly. [G:\My Drive\Tech\Coding\AI\Gemini\InvestecRunway App\GordonWorker\GordonWorker.csproj]
C:\Program Files\dotnet\sdk\10.0.201\Sdks\Microsoft.NET.Sdk\targets\Microsoft.NET.Sdk.targets(850,5): error MSB4018: System.AggregateException: One or more errors occurred. (Access to the path 'G:\My Drive\Tech\Coding\AI\Gemini\InvestecRunway App\GordonWorker\obj\Debug\net8.0\apphost.exe' is denied.) (Access to the path 'G:\My Drive\Tech\Coding\AI\Gemini\InvestecRunway App\GordonWorker\obj\Debug\net8.0\apphost.exe' is denied.) [G:\My Drive\Tech\Coding\AI\Gemini\InvestecRunway App\GordonWorker\GordonWorker.csproj]
C:\Program Files\dotnet\sdk\10.0.201\Sdks\Microsoft.NET.Sdk\targets\Microsoft.NET.Sdk.targets(850,5): error MSB4018:  ---> System.UnauthorizedAccessException: Access to the path 'G:\My Drive\Tech\Coding\AI\Gemini\InvestecRunway App\GordonWorker\obj\Debug\net8.0\apphost.exe' is denied. [G:\My Drive\Tech\Coding\AI\Gemini\InvestecRunway App\GordonWorker\GordonWorker.csproj]
C:\Program Files\dotnet\sdk\10.0.201\Sdks\Microsoft.NET.Sdk\targets\Microsoft.NET.Sdk.targets(850,5): error MSB4018:    at System.IO.Strategies.OSFileStreamStrategy..ctor(String path, FileMode mode, FileAccess access, FileShare share, FileOptions options, Int64 preallocationSize, Nullable`1 unixCreateMode) [G:\My Drive\Tech\Coding\AI\Gemini\InvestecRunway App\GordonWorker\GordonWorker.csproj]
C:\Program Files\dotnet\sdk\10.0.201\Sdks\Microsoft.NET.Sdk\targets\Microsoft.NET.Sdk.targets(850,5): error MSB4018:    at Microsoft.NET.HostModel.AppHost.HostWriter.<>c__DisplayClass8_0.<CreateAppHost>b__1() [G:\My Drive\Tech\Coding\AI\Gemini\InvestecRunway App\GordonWorker\GordonWorker.csproj]
C:\Program Files\dotnet\sdk\10.0.201\Sdks\Microsoft.NET.Sdk\targets\Microsoft.NET.Sdk.targets(850,5): error MSB4018:    at Microsoft.NET.HostModel.RetryUtil.RetryOnIOError(Action func) [G:\My Drive\Tech\Coding\AI\Gemini\InvestecRunway App\GordonWorker\GordonWorker.csproj]
C:\Program Files\dotnet\sdk\10.0.201\Sdks\Microsoft.NET.Sdk\targets\Microsoft.NET.Sdk.targets(850,5): error MSB4018:    at Microsoft.NET.HostModel.AppHost.HostWriter.CreateAppHost(String appHostSourceFilePath, String appHostDestinationFilePath, String appBinaryFilePath, Boolean windowsGraphicalUserInterface, String assemblyToCopyResourcesFrom, Boolean enableMacOSCodeSign, Boolean disableCetCompat, DotNetSearchOptions dotNetSearchOptions) [G:\My Drive\Tech\Coding\AI\Gemini\InvestecRunway App\GordonWorker\GordonWorker.csproj]
C:\Program Files\dotnet\sdk\10.0.201\Sdks\Microsoft.NET.Sdk\targets\Microsoft.NET.Sdk.targets(850,5): error MSB4018:    --- End of inner exception stack trace --- [G:\My Drive\Tech\Coding\AI\Gemini\InvestecRunway App\GordonWorker\GordonWorker.csproj]
C:\Program Files\dotnet\sdk\10.0.201\Sdks\Microsoft.NET.Sdk\targets\Microsoft.NET.Sdk.targets(850,5): error MSB4018:    at Microsoft.NET.HostModel.AppHost.HostWriter.CreateAppHost(String appHostSourceFilePath, String appHostDestinationFilePath, String appBinaryFilePath, Boolean windowsGraphicalUserInterface, String assemblyToCopyResourcesFrom, Boolean enableMacOSCodeSign, Boolean disableCetCompat, DotNetSearchOptions dotNetSearchOptions) [G:\My Drive\Tech\Coding\AI\Gemini\InvestecRunway App\GordonWorker\GordonWorker.csproj]
C:\Program Files\dotnet\sdk\10.0.201\Sdks\Microsoft.NET.Sdk\targets\Microsoft.NET.Sdk.targets(850,5): error MSB4018:    at Microsoft.NET.Build.Tasks.CreateAppHost.ExecuteCore() [G:\My Drive\Tech\Coding\AI\Gemini\InvestecRunway App\GordonWorker\GordonWorker.csproj]
C:\Program Files\dotnet\sdk\10.0.201\Sdks\Microsoft.NET.Sdk\targets\Microsoft.NET.Sdk.targets(850,5): error MSB4018:    at Microsoft.NET.Build.Tasks.TaskBase.Execute() [G:\My Drive\Tech\Coding\AI\Gemini\InvestecRunway App\GordonWorker\GordonWorker.csproj]
C:\Program Files\dotnet\sdk\10.0.201\Sdks\Microsoft.NET.Sdk\targets\Microsoft.NET.Sdk.targets(850,5): error MSB4018:    at Microsoft.Build.BackEnd.TaskExecutionHost.Execute() [G:\My Drive\Tech\Coding\AI\Gemini\InvestecRunway App\GordonWorker\GordonWorker.csproj]
C:\Program Files\dotnet\sdk\10.0.201\Sdks\Microsoft.NET.Sdk\targets\Microsoft.NET.Sdk.targets(850,5): error MSB4018:    at Microsoft.Build.BackEnd.TaskBuilder.ExecuteInstantiatedTask(TaskExecutionHost taskExecutionHost, TaskLoggingContext taskLoggingContext, TaskHost taskHost, ItemBucket bucket, TaskExecutionMode howToExecuteTask) [G:\My Drive\Tech\Coding\AI\Gemini\InvestecRunway App\GordonWorker\GordonWorker.csproj]
C:\Program Files\dotnet\sdk\10.0.201\Sdks\Microsoft.NET.Sdk\targets\Microsoft.NET.Sdk.targets(850,5): error MSB4018:  ---> (Inner Exception #1) System.UnauthorizedAccessException: Access to the path 'G:\My Drive\Tech\Coding\AI\Gemini\InvestecRunway App\GordonWorker\obj\Debug\net8.0\apphost.exe' is denied. [G:\My Drive\Tech\Coding\AI\Gemini\InvestecRunway App\GordonWorker\GordonWorker.csproj]
C:\Program Files\dotnet\sdk\10.0.201\Sdks\Microsoft.NET.Sdk\targets\Microsoft.NET.Sdk.targets(850,5): error MSB4018:    at System.IO.File.Delete(String path) [G:\My Drive\Tech\Coding\AI\Gemini\InvestecRunway App\GordonWorker\GordonWorker.csproj]
C:\Program Files\dotnet\sdk\10.0.201\Sdks\Microsoft.NET.Sdk\targets\Microsoft.NET.Sdk.targets(850,5): error MSB4018:    at Microsoft.NET.HostModel.AppHost.HostWriter.CreateAppHost(String appHostSourceFilePath, String appHostDestinationFilePath, String appBinaryFilePath, Boolean windowsGraphicalUserInterface, String assemblyToCopyResourcesFrom, Boolean enableMacOSCodeSign, Boolean disableCetCompat, DotNetSearchOptions dotNetSearchOptions)<--- [G:\My Drive\Tech\Coding\AI\Gemini\InvestecRunway App\GordonWorker\GordonWorker.csproj]
C:\Program Files\dotnet\sdk\10.0.201\Sdks\Microsoft.NET.Sdk\targets\Microsoft.NET.Sdk.targets(850,5): error MSB4018:  [G:\My Drive\Tech\Coding\AI\Gemini\InvestecRunway App\GordonWorker\GordonWorker.csproj]
    0 Warning(s)
    1 Error(s)

Time Elapsed 00:00:27.97
